#! /usr/bin/vvp
:ivl_version "12.0 (stable)";
:ivl_delay_selection "TYPICAL";
:vpi_time_precision + 0;
:vpi_module "/usr/lib/x86_64-linux-gnu/ivl/system.vpi";
:vpi_module "/usr/lib/x86_64-linux-gnu/ivl/vhdl_sys.vpi";
:vpi_module "/usr/lib/x86_64-linux-gnu/ivl/vhdl_textio.vpi";
:vpi_module "/usr/lib/x86_64-linux-gnu/ivl/v2005_math.vpi";
:vpi_module "/usr/lib/x86_64-linux-gnu/ivl/va_math.vpi";
:vpi_module "/usr/lib/x86_64-linux-gnu/ivl/v2009.vpi";
S_0x56b93557c490 .scope package, "$unit" "$unit" 2 1;
 .timescale 0 0;
S_0x56b93557c620 .scope module, "serial_adder_with_vld" "serial_adder_with_vld" 3 5;
 .timescale 0 0;
    .port_info 0 /INPUT 1 "clk";
    .port_info 1 /INPUT 1 "rst";
    .port_info 2 /INPUT 1 "vld";
    .port_info 3 /INPUT 1 "a";
    .port_info 4 /INPUT 1 "b";
    .port_info 5 /INPUT 1 "last";
    .port_info 6 /OUTPUT 1 "sum";
o0x7011684f0138 .functor BUFZ 1, C4<z>; HiZ drive
o0x7011684f0168 .functor BUFZ 1, C4<z>; HiZ drive
L_0x56b9355c8a30 .functor XOR 1, o0x7011684f0138, o0x7011684f0168, C4<0>, C4<0>;
L_0x56b9355c8b20 .functor XOR 1, L_0x56b9355c8a30, v0x56b9355c8380_0, C4<0>, C4<0>;
L_0x56b9355c8d90 .functor AND 1, o0x7011684f0138, o0x7011684f0168, C4<1>, C4<1>;
L_0x56b9355c8ea0 .functor OR 1, o0x7011684f0138, o0x7011684f0168, C4<0>, C4<0>;
L_0x56b9355c8f40 .functor AND 1, L_0x56b9355c8ea0, v0x56b9355c8380_0, C4<1>, C4<1>;
L_0x56b9355c9050 .functor OR 1, L_0x56b9355c8d90, L_0x56b9355c8f40, C4<0>, C4<0>;
v0x56b9355a5020_0 .net *"_ivl_0", 0 0, L_0x56b9355c8a30;  1 drivers
v0x56b9355c7d70_0 .net *"_ivl_10", 0 0, L_0x56b9355c8ea0;  1 drivers
v0x56b9355c7e50_0 .net *"_ivl_12", 0 0, L_0x56b9355c8f40;  1 drivers
v0x56b9355c7f10_0 .net *"_ivl_2", 0 0, L_0x56b9355c8b20;  1 drivers
L_0x7011684a7018 .functor BUFT 1, C4<0>, C4<0>, C4<0>, C4<0>;
v0x56b9355c7ff0_0 .net/2u *"_ivl_4", 0 0, L_0x7011684a7018;  1 drivers
v0x56b9355c8120_0 .net *"_ivl_8", 0 0, L_0x56b9355c8d90;  1 drivers
v0x56b9355c8200_0 .net "a", 0 0, o0x7011684f0138;  0 drivers
v0x56b9355c82c0_0 .net "b", 0 0, o0x7011684f0168;  0 drivers
v0x56b9355c8380_0 .var "carry", 0 0;
v0x56b9355c84d0_0 .net "carry_d", 0 0, L_0x56b9355c9050;  1 drivers
o0x7011684f01f8 .functor BUFZ 1, C4<z>; HiZ drive
v0x56b9355c8590_0 .net "clk", 0 0, o0x7011684f01f8;  0 drivers
o0x7011684f0228 .functor BUFZ 1, C4<z>; HiZ drive
v0x56b9355c8650_0 .net "last", 0 0, o0x7011684f0228;  0 drivers
o0x7011684f0258 .functor BUFZ 1, C4<z>; HiZ drive
v0x56b9355c8710_0 .net "rst", 0 0, o0x7011684f0258;  0 drivers
v0x56b9355c87d0_0 .net "sum", 0 0, L_0x56b9355c8bf0;  1 drivers
o0x7011684f02b8 .functor BUFZ 1, C4<z>; HiZ drive
v0x56b9355c8890_0 .net "vld", 0 0, o0x7011684f02b8;  0 drivers
E_0x56b93557cd60 .event posedge, v0x56b9355c8590_0;
L_0x56b9355c8bf0 .functor MUXZ 1, L_0x7011684a7018, L_0x56b9355c8b20, o0x7011684f02b8, C4<>;
    .scope S_0x56b93557c620;
T_0 ;
    %wait E_0x56b93557cd60;
    %load/vec4 v0x56b9355c8710_0;
    %flag_set/vec4 8;
    %jmp/0xz  T_0.0, 8;
    %pushi/vec4 0, 0, 1;
    %assign/vec4 v0x56b9355c8380_0, 0;
    %jmp T_0.1;
T_0.0 ;
    %load/vec4 v0x56b9355c8890_0;
    %flag_set/vec4 8;
    %jmp/0xz  T_0.2, 8;
    %load/vec4 v0x56b9355c84d0_0;
    %assign/vec4 v0x56b9355c8380_0, 0;
    %jmp T_0.3;
T_0.2 ;
    %load/vec4 v0x56b9355c8890_0;
    %flag_set/vec4 9;
    %flag_get/vec4 9;
    %jmp/0 T_0.6, 9;
    %load/vec4 v0x56b9355c8650_0;
    %and;
T_0.6;
    %flag_set/vec4 8;
    %jmp/0xz  T_0.4, 8;
    %pushi/vec4 0, 0, 1;
    %assign/vec4 v0x56b9355c8380_0, 0;
T_0.4 ;
T_0.3 ;
T_0.1 ;
    %jmp T_0;
    .thread T_0;
# The file index is used to find the file name in the following table.
:file_names 4;
    "N/A";
    "<interactive>";
    "-";
    "02_04_serial_adder_with_vld.sv";
