#! /usr/bin/vvp
:ivl_version "12.0 (stable)";
:ivl_delay_selection "TYPICAL";
:vpi_time_precision + 0;
:vpi_module "/usr/lib/x86_64-linux-gnu/ivl/system.vpi";
:vpi_module "/usr/lib/x86_64-linux-gnu/ivl/vhdl_sys.vpi";
:vpi_module "/usr/lib/x86_64-linux-gnu/ivl/vhdl_textio.vpi";
:vpi_module "/usr/lib/x86_64-linux-gnu/ivl/v2005_math.vpi";
:vpi_module "/usr/lib/x86_64-linux-gnu/ivl/va_math.vpi";
:vpi_module "/usr/lib/x86_64-linux-gnu/ivl/v2009.vpi";
S_0x5fb24fb4a710 .scope package, "$unit" "$unit" 2 1;
 .timescale 0 0;
S_0x5fb24fb4a8e0 .scope module, "serial_adder" "serial_adder" 3 5;
 .timescale 0 0;
    .port_info 0 /INPUT 1 "clk";
    .port_info 1 /INPUT 1 "rst";
    .port_info 2 /INPUT 1 "a";
    .port_info 3 /INPUT 1 "b";
    .port_info 4 /OUTPUT 1 "sum";
L_0x77f73bf86060 .functor BUFT 1, C4<0>, C4<0>, C4<0>, C4<0>;
v0x5fb24fb10690_0 .net *"_ivl_10", 0 0, L_0x77f73bf86060;  1 drivers
v0x5fb24fb5c440_0 .net *"_ivl_11", 1 0, L_0x5fb24fb5da50;  1 drivers
v0x5fb24fb5c520_0 .net *"_ivl_13", 1 0, L_0x5fb24fb5dc00;  1 drivers
L_0x77f73bf860a8 .functor BUFT 1, C4<0>, C4<0>, C4<0>, C4<0>;
v0x5fb24fb5c610_0 .net *"_ivl_16", 0 0, L_0x77f73bf860a8;  1 drivers
v0x5fb24fb5c6f0_0 .net *"_ivl_17", 1 0, L_0x5fb24fb5dd60;  1 drivers
v0x5fb24fb5c820_0 .net *"_ivl_3", 1 0, L_0x5fb24fb5d780;  1 drivers
L_0x77f73bf86018 .functor BUFT 1, C4<0>, C4<0>, C4<0>, C4<0>;
v0x5fb24fb5c900_0 .net *"_ivl_6", 0 0, L_0x77f73bf86018;  1 drivers
v0x5fb24fb5c9e0_0 .net *"_ivl_7", 1 0, L_0x5fb24fb5d8d0;  1 drivers
o0x77f73bfcf198 .functor BUFZ 1, C4<z>; HiZ drive
v0x5fb24fb5cac0_0 .net "a", 0 0, o0x77f73bfcf198;  0 drivers
o0x77f73bfcf1c8 .functor BUFZ 1, C4<z>; HiZ drive
v0x5fb24fb5cc10_0 .net "b", 0 0, o0x77f73bfcf1c8;  0 drivers
v0x5fb24fb5ccd0_0 .var "carry", 0 0;
v0x5fb24fb5cd90_0 .net "carry_d", 0 0, L_0x5fb24fb5d590;  1 drivers
o0x77f73bfcf258 .functor BUFZ 1, C4<z>; HiZ drive
v0x5fb24fb5ce50_0 .net "clk", 0 0, o0x77f73bfcf258;  0 drivers
o0x77f73bfcf288 .functor BUFZ 1, C4<z>; HiZ drive
v0x5fb24fb5cf10_0 .net "rst", 0 0, o0x77f73bfcf288;  0 drivers
v0x5fb24fb5cfd0_0 .net "sum", 0 0, L_0x5fb24fb5d660;  1 drivers
E_0x5fb24fb24640 .event posedge, v0x5fb24fb5ce50_0;
L_0x5fb24fb5d590 .part L_0x5fb24fb5dd60, 1, 1;
L_0x5fb24fb5d660 .part L_0x5fb24fb5dd60, 0, 1;
L_0x5fb24fb5d780 .concat [ 1 1 0 0], o0x77f73bfcf198, L_0x77f73bf86018;
L_0x5fb24fb5d8d0 .concat [ 1 1 0 0], o0x77f73bfcf1c8, L_0x77f73bf86060;
L_0x5fb24fb5da50 .arith/sum 2, L_0x5fb24fb5d780, L_0x5fb24fb5d8d0;
L_0x5fb24fb5dc00 .concat [ 1 1 0 0], v0x5fb24fb5ccd0_0, L_0x77f73bf860a8;
L_0x5fb24fb5dd60 .arith/sum 2, L_0x5fb24fb5da50, L_0x5fb24fb5dc00;
S_0x5fb24fb10490 .scope module, "serial_adder_using_logic_operations_only" "serial_adder_using_logic_operations_only" 3 34;
 .timescale 0 0;
    .port_info 0 /INPUT 1 "clk";
    .port_info 1 /INPUT 1 "rst";
    .port_info 2 /INPUT 1 "a";
    .port_info 3 /INPUT 1 "b";
    .port_info 4 /OUTPUT 1 "sum";
o0x77f73bfcf3d8 .functor BUFZ 1, C4<z>; HiZ drive
v0x5fb24fb5d130_0 .net "a", 0 0, o0x77f73bfcf3d8;  0 drivers
o0x77f73bfcf408 .functor BUFZ 1, C4<z>; HiZ drive
v0x5fb24fb5d210_0 .net "b", 0 0, o0x77f73bfcf408;  0 drivers
o0x77f73bfcf438 .functor BUFZ 1, C4<z>; HiZ drive
v0x5fb24fb5d2d0_0 .net "clk", 0 0, o0x77f73bfcf438;  0 drivers
o0x77f73bfcf468 .functor BUFZ 1, C4<z>; HiZ drive
v0x5fb24fb5d370_0 .net "rst", 0 0, o0x77f73bfcf468;  0 drivers
o0x77f73bfcf498 .functor BUFZ 1, C4<z>; HiZ drive
v0x5fb24fb5d430_0 .net "sum", 0 0, o0x77f73bfcf498;  0 drivers
    .scope S_0x5fb24fb4a8e0;
T_0 ;
    %wait E_0x5fb24fb24640;
    %load/vec4 v0x5fb24fb5cf10_0;
    %flag_set/vec4 8;
    %jmp/0xz  T_0.0, 8;
    %pushi/vec4 0, 0, 1;
    %assign/vec4 v0x5fb24fb5ccd0_0, 0;
    %jmp T_0.1;
T_0.0 ;
    %load/vec4 v0x5fb24fb5cd90_0;
    %assign/vec4 v0x5fb24fb5ccd0_0, 0;
T_0.1 ;
    %jmp T_0;
    .thread T_0;
# The file index is used to find the file name in the following table.
:file_names 4;
    "N/A";
    "<interactive>";
    "-";
    "02_03_serial_adder_using_logic_operations_only.sv";
