#! /usr/bin/vvp
:ivl_version "12.0 (stable)";
:ivl_delay_selection "TYPICAL";
:vpi_time_precision + 0;
:vpi_module "/usr/lib/x86_64-linux-gnu/ivl/system.vpi";
:vpi_module "/usr/lib/x86_64-linux-gnu/ivl/vhdl_sys.vpi";
:vpi_module "/usr/lib/x86_64-linux-gnu/ivl/vhdl_textio.vpi";
:vpi_module "/usr/lib/x86_64-linux-gnu/ivl/v2005_math.vpi";
:vpi_module "/usr/lib/x86_64-linux-gnu/ivl/va_math.vpi";
:vpi_module "/usr/lib/x86_64-linux-gnu/ivl/v2009.vpi";
S_0x5770f0814d20 .scope package, "$unit" "$unit" 2 1;
 .timescale 0 0;
S_0x5770f0814eb0 .scope module, "serial_comparator_least_significant_first" "serial_comparator_least_significant_first" 3 6;
 .timescale 0 0;
    .port_info 0 /INPUT 1 "clk";
    .port_info 1 /INPUT 1 "rst";
    .port_info 2 /INPUT 1 "a";
    .port_info 3 /INPUT 1 "b";
    .port_info 4 /OUTPUT 1 "a_less_b";
    .port_info 5 /OUTPUT 1 "a_eq_b";
    .port_info 6 /OUTPUT 1 "a_greater_b";
o0x7ad508ba0168 .functor BUFZ 1, C4<z>; HiZ drive
o0x7ad508ba0228 .functor BUFZ 1, C4<z>; HiZ drive
L_0x5770f082e7f0 .functor XNOR 1, o0x7ad508ba0168, o0x7ad508ba0228, C4<0>, C4<0>;
L_0x5770f082e880 .functor AND 1, v0x5770f082d680_0, L_0x5770f082e7f0, C4<1>, C4<1>;
L_0x5770f082e920 .functor NOT 1, o0x7ad508ba0168, C4<0>, C4<0>, C4<0>;
L_0x5770f082e9e0 .functor AND 1, L_0x5770f082e920, o0x7ad508ba0228, C4<1>, C4<1>;
L_0x5770f082eb20 .functor XNOR 1, o0x7ad508ba0168, o0x7ad508ba0228, C4<0>, C4<0>;
L_0x5770f082eb90 .functor AND 1, L_0x5770f082eb20, v0x5770f082d740_0, C4<1>, C4<1>;
L_0x5770f082ec90 .functor OR 1, L_0x5770f082e9e0, L_0x5770f082eb90, C4<0>, C4<0>;
L_0x5770f082eda0 .functor NOT 1, L_0x5770f082e880, C4<0>, C4<0>, C4<0>;
L_0x5770f082eeb0 .functor NOT 1, L_0x5770f082ec90, C4<0>, C4<0>, C4<0>;
L_0x5770f082ef70 .functor AND 1, L_0x5770f082eda0, L_0x5770f082eeb0, C4<1>, C4<1>;
v0x5770f07d9620_0 .net *"_ivl_0", 0 0, L_0x5770f082e7f0;  1 drivers
v0x5770f082cc20_0 .net *"_ivl_10", 0 0, L_0x5770f082eb90;  1 drivers
v0x5770f082cd00_0 .net *"_ivl_14", 0 0, L_0x5770f082eda0;  1 drivers
v0x5770f082cdc0_0 .net *"_ivl_16", 0 0, L_0x5770f082eeb0;  1 drivers
v0x5770f082cea0_0 .net *"_ivl_4", 0 0, L_0x5770f082e920;  1 drivers
v0x5770f082cfd0_0 .net *"_ivl_6", 0 0, L_0x5770f082e9e0;  1 drivers
v0x5770f082d0b0_0 .net *"_ivl_8", 0 0, L_0x5770f082eb20;  1 drivers
v0x5770f082d170_0 .net "a", 0 0, o0x7ad508ba0168;  0 drivers
v0x5770f082d230_0 .net "a_eq_b", 0 0, L_0x5770f082e880;  1 drivers
v0x5770f082d380_0 .net "a_greater_b", 0 0, L_0x5770f082ef70;  1 drivers
v0x5770f082d440_0 .net "a_less_b", 0 0, L_0x5770f082ec90;  1 drivers
v0x5770f082d500_0 .net "b", 0 0, o0x7ad508ba0228;  0 drivers
o0x7ad508ba0258 .functor BUFZ 1, C4<z>; HiZ drive
v0x5770f082d5c0_0 .net "clk", 0 0, o0x7ad508ba0258;  0 drivers
v0x5770f082d680_0 .var "prev_a_eq_b", 0 0;
v0x5770f082d740_0 .var "prev_a_less_b", 0 0;
o0x7ad508ba02e8 .functor BUFZ 1, C4<z>; HiZ drive
v0x5770f082d800_0 .net "rst", 0 0, o0x7ad508ba02e8;  0 drivers
E_0x5770f0812db0 .event posedge, v0x5770f082d5c0_0;
S_0x5770f07d9490 .scope module, "serial_comparator_most_significant_first" "serial_comparator_most_significant_first" 3 41;
 .timescale 0 0;
    .port_info 0 /INPUT 1 "clk";
    .port_info 1 /INPUT 1 "rst";
    .port_info 2 /INPUT 1 "a";
    .port_info 3 /INPUT 1 "b";
    .port_info 4 /OUTPUT 1 "a_less_b";
    .port_info 5 /OUTPUT 1 "a_eq_b";
    .port_info 6 /OUTPUT 1 "a_greater_b";
o0x7ad508ba05b8 .functor BUFZ 1, C4<z>; HiZ drive
o0x7ad508ba0678 .functor BUFZ 1, C4<z>; HiZ drive
L_0x5770f082f0e0 .functor XNOR 1, o0x7ad508ba05b8, o0x7ad508ba0678, C4<0>, C4<0>;
L_0x5770f082f150 .functor AND 1, v0x5770f082e4d0_0, L_0x5770f082f0e0, C4<1>, C4<1>;
L_0x5770f082f220 .functor NOT 1, o0x7ad508ba05b8, C4<0>, C4<0>, C4<0>;
L_0x5770f082f2e0 .functor AND 1, L_0x5770f082f220, o0x7ad508ba0678, C4<1>, C4<1>;
L_0x5770f082f420 .functor XNOR 1, o0x7ad508ba05b8, o0x7ad508ba0678, C4<0>, C4<0>;
L_0x5770f082f490 .functor AND 1, v0x5770f082e590_0, L_0x5770f082f420, C4<1>, C4<1>;
L_0x5770f082f5c0 .functor OR 1, L_0x5770f082f2e0, L_0x5770f082f490, C4<0>, C4<0>;
L_0x5770f082f6d0 .functor NOT 1, L_0x5770f082f5c0, C4<0>, C4<0>, C4<0>;
L_0x5770f082f7e0 .functor NOT 1, L_0x5770f082f150, C4<0>, C4<0>, C4<0>;
L_0x5770f082f8a0 .functor AND 1, L_0x5770f082f6d0, L_0x5770f082f7e0, C4<1>, C4<1>;
v0x5770f082d9e0_0 .net *"_ivl_0", 0 0, L_0x5770f082f0e0;  1 drivers
v0x5770f082dac0_0 .net *"_ivl_10", 0 0, L_0x5770f082f490;  1 drivers
v0x5770f082dba0_0 .net *"_ivl_14", 0 0, L_0x5770f082f6d0;  1 drivers
v0x5770f082dc60_0 .net *"_ivl_16", 0 0, L_0x5770f082f7e0;  1 drivers
v0x5770f082dd40_0 .net *"_ivl_4", 0 0, L_0x5770f082f220;  1 drivers
v0x5770f082de20_0 .net *"_ivl_6", 0 0, L_0x5770f082f2e0;  1 drivers
v0x5770f082df00_0 .net *"_ivl_8", 0 0, L_0x5770f082f420;  1 drivers
v0x5770f082dfc0_0 .net "a", 0 0, o0x7ad508ba05b8;  0 drivers
v0x5770f082e080_0 .net "a_eq_b", 0 0, L_0x5770f082f150;  1 drivers
v0x5770f082e1d0_0 .net "a_greater_b", 0 0, L_0x5770f082f8a0;  1 drivers
v0x5770f082e290_0 .net "a_less_b", 0 0, L_0x5770f082f5c0;  1 drivers
v0x5770f082e350_0 .net "b", 0 0, o0x7ad508ba0678;  0 drivers
o0x7ad508ba06a8 .functor BUFZ 1, C4<z>; HiZ drive
v0x5770f082e410_0 .net "clk", 0 0, o0x7ad508ba06a8;  0 drivers
v0x5770f082e4d0_0 .var "prev_a_eq_b", 0 0;
v0x5770f082e590_0 .var "prev_a_less_b", 0 0;
o0x7ad508ba0738 .functor BUFZ 1, C4<z>; HiZ drive
v0x5770f082e650_0 .net "rst", 0 0, o0x7ad508ba0738;  0 drivers
E_0x5770f08131a0 .event posedge, v0x5770f082e410_0;
    .scope S_0x5770f0814eb0;
T_0 ;
    %wait E_0x5770f0812db0;
    %load/vec4 v0x5770f082d800_0;
    %flag_set/vec4 8;
    %jmp/0xz  T_0.0, 8;
    %pushi/vec4 1, 0, 1;
    %assign/vec4 v0x5770f082d680_0, 0;
    %pushi/vec4 0, 0, 1;
    %assign/vec4 v0x5770f082d740_0, 0;
    %jmp T_0.1;
T_0.0 ;
    %load/vec4 v0x5770f082d230_0;
    %assign/vec4 v0x5770f082d680_0, 0;
    %load/vec4 v0x5770f082d440_0;
    %assign/vec4 v0x5770f082d740_0, 0;
T_0.1 ;
    %jmp T_0;
    .thread T_0;
    .scope S_0x5770f07d9490;
T_1 ;
    %wait E_0x5770f08131a0;
    %load/vec4 v0x5770f082e650_0;
    %flag_set/vec4 8;
    %jmp/0xz  T_1.0, 8;
    %pushi/vec4 1, 0, 1;
    %assign/vec4 v0x5770f082e4d0_0, 0;
    %pushi/vec4 0, 0, 1;
    %assign/vec4 v0x5770f082e590_0, 0;
    %jmp T_1.1;
T_1.0 ;
    %load/vec4 v0x5770f082e080_0;
    %assign/vec4 v0x5770f082e4d0_0, 0;
    %load/vec4 v0x5770f082e290_0;
    %assign/vec4 v0x5770f082e590_0, 0;
T_1.1 ;
    %jmp T_1;
    .thread T_1;
# The file index is used to find the file name in the following table.
:file_names 4;
    "N/A";
    "<interactive>";
    "-";
    "02_05_serial_comparator_most_significant_first.sv";
