#! /usr/bin/vvp
:ivl_version "12.0 (stable)";
:ivl_delay_selection "TYPICAL";
:vpi_time_precision + 0;
:vpi_module "/usr/lib/x86_64-linux-gnu/ivl/system.vpi";
:vpi_module "/usr/lib/x86_64-linux-gnu/ivl/vhdl_sys.vpi";
:vpi_module "/usr/lib/x86_64-linux-gnu/ivl/vhdl_textio.vpi";
:vpi_module "/usr/lib/x86_64-linux-gnu/ivl/v2005_math.vpi";
:vpi_module "/usr/lib/x86_64-linux-gnu/ivl/va_math.vpi";
:vpi_module "/usr/lib/x86_64-linux-gnu/ivl/v2009.vpi";
S_0x641322f27560 .scope package, "$unit" "$unit" 2 1;
 .timescale 0 0;
S_0x641322f27710 .scope module, "fibonacci_2" "fibonacci_2" 3 1;
 .timescale 0 0;
    .port_info 0 /INPUT 1 "clk";
    .port_info 1 /INPUT 1 "rst";
    .port_info 2 /OUTPUT 16 "num";
    .port_info 3 /OUTPUT 16 "num2";
o0x7d6b153cf018 .functor BUFZ 1, C4<z>; HiZ drive
v0x641322f28d20_0 .net "clk", 0 0, o0x7d6b153cf018;  0 drivers
v0x641322f29400_0 .var "num", 15 0;
v0x641322f6f5e0_0 .var "num2", 15 0;
o0x7d6b153cf0a8 .functor BUFZ 1, C4<z>; HiZ drive
v0x641322f6f6d0_0 .net "rst", 0 0, o0x7d6b153cf0a8;  0 drivers
E_0x641322f27f20 .event posedge, v0x641322f28d20_0;
    .scope S_0x641322f27710;
T_0 ;
    %wait E_0x641322f27f20;
    %load/vec4 v0x641322f6f6d0_0;
    %flag_set/vec4 8;
    %jmp/0xz  T_0.0, 8;
    %pushi/vec4 65537, 0, 32;
    %split/vec4 16;
    %assign/vec4 v0x641322f6f5e0_0, 0;
    %assign/vec4 v0x641322f29400_0, 0;
    %jmp T_0.1;
T_0.0 ;
    %load/vec4 v0x641322f29400_0;
    %load/vec4 v0x641322f29400_0;
    %load/vec4 v0x641322f6f5e0_0;
    %add;
    %concat/vec4; draw_concat_vec4
    %split/vec4 16;
    %assign/vec4 v0x641322f6f5e0_0, 0;
    %assign/vec4 v0x641322f29400_0, 0;
T_0.1 ;
    %jmp T_0;
    .thread T_0;
# The file index is used to find the file name in the following table.
:file_names 4;
    "N/A";
    "<interactive>";
    "-";
    "02_02_single_and_double_rate_fibonacci.sv";
